[TrackData(metadata=Tags(title="My Track Title"))]